train/pos/crop_000010a.png
train/pos/crop_000010b.png
train/pos/crop_000011a.png
train/pos/crop_000011b.png
train/pos/crop_000603a.png
train/pos/crop_000603b.png
train/pos/crop_000606a.png
train/pos/crop_000606b.png
train/pos/crop_000606c.png
train/pos/crop_000606d.png
train/pos/crop_000607a.png
train/pos/crop_000607b.png
train/pos/crop_000607c.png
train/pos/crop_000607d.png
train/pos/crop_000608a.png
train/pos/crop_000608b.png
train/pos/crop001001a.png
train/pos/crop001001b.png
train/pos/crop001001c.png
train/pos/crop001001d.png
train/pos/crop001001e.png
train/pos/crop001001f.png
train/pos/crop001002a.png
train/pos/crop001002b.png
train/pos/crop001002c.png
train/pos/crop001002d.png
train/pos/crop001003a.png
train/pos/crop001003b.png
train/pos/crop001003c.png
train/pos/crop001003d.png
train/pos/crop001004a.png
train/pos/crop001004b.png
train/pos/crop001004c.png
train/pos/crop001004d.png
train/pos/crop001005a.png
train/pos/crop001005b.png
train/pos/crop001005c.png
train/pos/crop001005d.png
train/pos/crop001006a.png
train/pos/crop001006b.png
train/pos/crop001006c.png
train/pos/crop001006d.png
train/pos/crop001007a.png
train/pos/crop001007b.png
train/pos/crop001007c.png
train/pos/crop001007d.png
train/pos/crop001007e.png
train/pos/crop001007f.png
train/pos/crop001007g.png
train/pos/crop001007h.png